This is pdfTeX, Version 3.141592653-2.6-1.40.27 (TeX Live 2025) (preloaded format=pdflatex 2025.10.1)  12 MAR 2026 00:06
entering extended mode
 restricted \write18 enabled.
 file:line:error style messages enabled.
 %&-line parsing enabled.
**"/Users/conorkirby/Documents/College Work/Capstone/Thesis_Draft1/thesis_draft_1.tex"
(/Users/conorkirby/Documents/College Work/Capstone/Thesis_Draft1/thesis_draft_1.tex
LaTeX2e <2024-11-01> patch level 2
L3 programming layer <2025-01-18>
(/usr/local/texlive/2025/texmf-dist/tex/latex/koma-script/scrartcl.cls
Document Class: scrartcl 2024/10/24 v3.43 KOMA-Script document class (article)
(/usr/local/texlive/2025/texmf-dist/tex/latex/koma-script/scrkbase.sty
Package: scrkbase 2024/10/24 v3.43 KOMA-Script package (KOMA-Script-dependent basics and keyval usage)
 (/usr/local/texlive/2025/texmf-dist/tex/latex/koma-script/scrbase.sty
Package: scrbase 2024/10/24 v3.43 KOMA-Script package (KOMA-Script-independent basics and keyval usage)
 (/usr/local/texlive/2025/texmf-dist/tex/latex/koma-script/scrlfile.sty
Package: scrlfile 2024/10/24 v3.43 KOMA-Script package (file load hooks)
 (/usr/local/texlive/2025/texmf-dist/tex/latex/koma-script/scrlfile-hook.sty
Package: scrlfile-hook 2024/10/24 v3.43 KOMA-Script package (using LaTeX hooks)
 (/usr/local/texlive/2025/texmf-dist/tex/latex/koma-script/scrlogo.sty
Package: scrlogo 2024/10/24 v3.43 KOMA-Script package (logo)
))) (/usr/local/texlive/2025/texmf-dist/tex/latex/graphics/keyval.sty
Package: keyval 2022/05/29 v1.15 key=value parser (DPC)
\KV@toks@=\toks17
)
Applying: [2021/05/01] Usage of raw or classic option list on input line 254.
Already applied: [0000/00/00] Usage of raw or classic option list on input line 370.
)) (/usr/local/texlive/2025/texmf-dist/tex/latex/koma-script/tocbasic.sty
Package: tocbasic 2024/10/24 v3.43 KOMA-Script package (handling toc-files)
\scr@dte@tocline@numberwidth=\skip49
\scr@dte@tocline@numbox=\box52
)
Package tocbasic Info: omitting babel extension for `toc'
(tocbasic)             because of feature `nobabel' available
(tocbasic)             for `toc' on input line 135.
Class scrartcl Info: File `scrsize12pt.clo' used to setup font sizes on input line 2466.
 (/usr/local/texlive/2025/texmf-dist/tex/latex/koma-script/scrsize12pt.clo
File: scrsize12pt.clo 2024/10/24 v3.43 KOMA-Script font size class option (12pt)
) (/usr/local/texlive/2025/texmf-dist/tex/latex/koma-script/typearea.sty
Package: typearea 2024/10/24 v3.43 KOMA-Script package (type area)
\ta@bcor=\skip50
\ta@div=\count196
\ta@hblk=\skip51
\ta@vblk=\skip52
\ta@temp=\skip53
\footheight=\skip54
Package typearea Info: These are the values describing the layout:
(typearea)             DIV  = 12
(typearea)             BCOR = 0.0pt
(typearea)             \paperwidth      = 597.50793pt
(typearea)              \textwidth      = 448.13095pt
(typearea)              DIV departure   = -6%
(typearea)              \evensidemargin = 2.4185pt
(typearea)              \oddsidemargin  = 2.4185pt
(typearea)             \paperheight     = 845.04694pt
(typearea)              \textheight     = 635.5pt
(typearea)              \topmargin      = -41.72441pt
(typearea)              \headheight     = 18.125pt
(typearea)              \headsep        = 21.75pt
(typearea)              \topskip        = 12.0pt
(typearea)              \footskip       = 50.75pt
(typearea)              \baselineskip   = 14.5pt
(typearea)              on input line 1802.
)
\c@part=\count197
\c@section=\count198
\c@subsection=\count199
\c@subsubsection=\count266
\c@paragraph=\count267
\c@subparagraph=\count268
\scr@dte@section@maxnumwidth=\skip55
Class scrartcl Info: using compatibility default `runin=bysign'
(scrartcl)           for `\section on input line 5107.
Class scrartcl Info: using compatibility default `afterindent=bysign'
(scrartcl)           for `\section on input line 5107.
\scr@dte@part@maxnumwidth=\skip56
Class scrartcl Info: using compatibility default `afterindent=false'
(scrartcl)           for `\part on input line 5115.
\scr@dte@subsection@maxnumwidth=\skip57
Class scrartcl Info: using compatibility default `runin=bysign'
(scrartcl)           for `\subsection on input line 5125.
Class scrartcl Info: using compatibility default `afterindent=bysign'
(scrartcl)           for `\subsection on input line 5125.
\scr@dte@subsubsection@maxnumwidth=\skip58
Class scrartcl Info: using compatibility default `runin=bysign'
(scrartcl)           for `\subsubsection on input line 5135.
Class scrartcl Info: using compatibility default `afterindent=bysign'
(scrartcl)           for `\subsubsection on input line 5135.
\scr@dte@paragraph@maxnumwidth=\skip59
Class scrartcl Info: using compatibility default `runin=bysign'
(scrartcl)           for `\paragraph on input line 5146.
Class scrartcl Info: using compatibility default `afterindent=bysign'
(scrartcl)           for `\paragraph on input line 5146.
\scr@dte@subparagraph@maxnumwidth=\skip60
Class scrartcl Info: using compatibility default `runin=bysign'
(scrartcl)           for `\subparagraph on input line 5156.
Class scrartcl Info: using compatibility default `afterindent=bysign'
(scrartcl)           for `\subparagraph on input line 5156.
\abovecaptionskip=\skip61
\belowcaptionskip=\skip62
\c@pti@nb@sid@b@x=\box53
Package tocbasic Info: omitting babel extension for `lof'
(tocbasic)             because of feature `nobabel' available
(tocbasic)             for `lof' on input line 6337.
\scr@dte@figure@maxnumwidth=\skip63
\c@figure=\count269
Package tocbasic Info: omitting babel extension for `lot'
(tocbasic)             because of feature `nobabel' available
(tocbasic)             for `lot' on input line 6353.
\scr@dte@table@maxnumwidth=\skip64
\c@table=\count270
Class scrartcl Info: Redefining `\numberline' on input line 6523.
\bibindent=\dimen141
) (/usr/local/texlive/2025/texmf-dist/tex/latex/stix/stix.sty
Package: stix 2018/04/17 v1.1.3-latex STIX fonts support package
 (/usr/local/texlive/2025/texmf-dist/tex/latex/base/textcomp.sty
Package: textcomp 2024/04/24 v2.1b Standard LaTeX package
LaTeX Font Info:    Changing ? sub-encoding to TS1/0 on input line 75.
)
Now handling font encoding LS1 ...
... no UTF-8 mapping file for font encoding LS1
Now handling font encoding LS2 ...
... no UTF-8 mapping file for font encoding LS2
LaTeX Font Info:    Redeclaring symbol font `letters' on input line 76.
LaTeX Font Info:    Encoding `OML' has changed to `LS1' for symbol font
(Font)              `letters' in the math version `normal' on input line 76.
LaTeX Font Info:    Overwriting symbol font `letters' in version `normal'
(Font)                  OML/cmm/m/it --> LS1/stix/m/it on input line 76.
LaTeX Font Info:    Encoding `OML' has changed to `LS1' for symbol font
(Font)              `letters' in the math version `bold' on input line 76.
LaTeX Font Info:    Overwriting symbol font `letters' in version `bold'
(Font)                  OML/cmm/b/it --> LS1/stix/m/it on input line 76.
LaTeX Font Info:    Redeclaring symbol font `operators' on input line 77.
LaTeX Font Info:    Encoding `OT1' has changed to `LS1' for symbol font
(Font)              `operators' in the math version `normal' on input line 77.
LaTeX Font Info:    Overwriting symbol font `operators' in version `normal'
(Font)                  OT1/cmr/m/n --> LS1/stix/m/n on input line 77.
LaTeX Font Info:    Encoding `OT1' has changed to `LS1' for symbol font
(Font)              `operators' in the math version `bold' on input line 77.
LaTeX Font Info:    Overwriting symbol font `operators' in version `bold'
(Font)                  OT1/cmr/bx/n --> LS1/stix/m/n on input line 77.
\symbold-operators=\mathgroup4
LaTeX Font Info:    Redeclaring symbol font `symbols' on input line 79.
LaTeX Font Info:    Encoding `OMS' has changed to `LS1' for symbol font
(Font)              `symbols' in the math version `normal' on input line 79.
LaTeX Font Info:    Overwriting symbol font `symbols' in version `normal'
(Font)                  OMS/cmsy/m/n --> LS1/stixscr/m/n on input line 79.
LaTeX Font Info:    Encoding `OMS' has changed to `LS1' for symbol font
(Font)              `symbols' in the math version `bold' on input line 79.
LaTeX Font Info:    Overwriting symbol font `symbols' in version `bold'
(Font)                  OMS/cmsy/b/n --> LS1/stixscr/m/n on input line 79.
\symsymbols2=\mathgroup5
\symsymbols3=\mathgroup6
\symsymbols4=\mathgroup7
\symintegrals=\mathgroup8
LaTeX Font Info:    Redeclaring symbol font `largesymbols' on input line 84.
LaTeX Font Info:    Encoding `OMX' has changed to `LS2' for symbol font
(Font)              `largesymbols' in the math version `normal' on input line 84.
LaTeX Font Info:    Overwriting symbol font `largesymbols' in version `normal'
(Font)                  OMX/cmex/m/n --> LS2/stixex/m/n on input line 84.
LaTeX Font Info:    Encoding `OMX' has changed to `LS2' for symbol font
(Font)              `largesymbols' in the math version `bold' on input line 84.
LaTeX Font Info:    Overwriting symbol font `largesymbols' in version `bold'
(Font)                  OMX/cmex/m/n --> LS2/stixex/m/n on input line 84.
\symarrows1=\mathgroup9
\symarrows2=\mathgroup10
\symarrows3=\mathgroup11
LaTeX Font Info:    Overwriting symbol font `letters' in version `bold'
(Font)                  LS1/stix/m/it --> LS1/stix/b/it on input line 88.
LaTeX Font Info:    Overwriting symbol font `operators' in version `bold'
(Font)                  LS1/stix/m/n --> LS1/stix/b/n on input line 89.
LaTeX Font Info:    Overwriting symbol font `symbols' in version `bold'
(Font)                  LS1/stixscr/m/n --> LS1/stixscr/b/n on input line 90.
LaTeX Font Info:    Overwriting symbol font `symbols2' in version `bold'
(Font)                  LS1/stixfrak/m/n --> LS1/stixfrak/b/n on input line 91.
LaTeX Font Info:    Overwriting symbol font `symbols3' in version `bold'
(Font)                  LS1/stixbb/m/n --> LS1/stixbb/b/n on input line 92.
LaTeX Font Info:    Overwriting symbol font `symbols4' in version `bold'
(Font)                  LS1/stixbb/m/it --> LS1/stixbb/b/it on input line 93.
LaTeX Font Info:    Overwriting symbol font `integrals' in version `bold'
(Font)                  LS2/stixcal/m/n --> LS2/stixcal/b/n on input line 94.
LaTeX Font Info:    Overwriting symbol font `largesymbols' in version `bold'
(Font)                  LS2/stixex/m/n --> LS2/stixex/b/n on input line 95.
LaTeX Font Info:    Overwriting symbol font `arrows1' in version `bold'
(Font)                  LS1/stixsf/m/n --> LS1/stixsf/b/n on input line 96.
LaTeX Font Info:    Overwriting symbol font `arrows2' in version `bold'
(Font)                  LS1/stixsf/m/it --> LS1/stixsf/b/it on input line 97.
LaTeX Font Info:    Overwriting symbol font `arrows3' in version `bold'
(Font)                  LS2/stixtt/m/n --> LS2/stixtt/b/n on input line 98.
LaTeX Font Info:    Redeclaring math alphabet \mathit on input line 99.
LaTeX Font Info:    Redeclaring math alphabet \mathsf on input line 106.
LaTeX Font Info:    Redeclaring math alphabet \mathtt on input line 108.
LaTeX Font Info:    Redeclaring math alphabet \mathbf on input line 109.
LaTeX Font Info:    Redeclaring math symbol \hbar on input line 227.
LaTeX Font Info:    Redeclaring math accent \grave on input line 698.
LaTeX Font Info:    Redeclaring math accent \acute on input line 699.
LaTeX Font Info:    Redeclaring math accent \hat on input line 700.
LaTeX Font Info:    Redeclaring math accent \tilde on input line 701.
LaTeX Font Info:    Redeclaring math accent \bar on input line 702.
LaTeX Font Info:    Redeclaring math accent \breve on input line 703.
LaTeX Font Info:    Redeclaring math accent \dot on input line 704.
LaTeX Font Info:    Redeclaring math accent \ddot on input line 705.
LaTeX Font Info:    Redeclaring math accent \mathring on input line 707.
LaTeX Font Info:    Redeclaring math accent \check on input line 708.
LaTeX Font Info:    Redeclaring math accent \vec on input line 716.
LaTeX Font Info:    Redeclaring math accent \widehat on input line 728.
LaTeX Font Info:    Redeclaring math accent \widetilde on input line 729.
LaTeX Info: Redefining \vdots on input line 1518.
LaTeX Info: Redefining \cdots on input line 1522.
LaTeX Font Info:    Redeclaring math symbol \mathsterling on input line 1978.
LaTeX Info: Redefining \not on input line 2144.
) (/usr/local/texlive/2025/texmf-dist/tex/latex/amsmath/amsmath.sty
Package: amsmath 2024/11/05 v2.17t AMS math features
\@mathmargin=\skip65

For additional information on amsmath, use the `?' option.
(/usr/local/texlive/2025/texmf-dist/tex/latex/amsmath/amstext.sty
Package: amstext 2021/08/26 v2.01 AMS text
 (/usr/local/texlive/2025/texmf-dist/tex/latex/amsmath/amsgen.sty
File: amsgen.sty 1999/11/30 v2.0 generic functions
\@emptytoks=\toks18
\ex@=\dimen142
)) (/usr/local/texlive/2025/texmf-dist/tex/latex/amsmath/amsbsy.sty
Package: amsbsy 1999/11/29 v1.2d Bold Symbols
\pmbraise@=\dimen143
) (/usr/local/texlive/2025/texmf-dist/tex/latex/amsmath/amsopn.sty
Package: amsopn 2022/04/08 v2.04 operator names
)
\inf@bad=\count271
LaTeX Info: Redefining \frac on input line 233.
\uproot@=\count272
\leftroot@=\count273
LaTeX Info: Redefining \overline on input line 398.
LaTeX Info: Redefining \colon on input line 409.
\classnum@=\count274
\DOTSCASE@=\count275
LaTeX Info: Redefining \ldots on input line 495.
LaTeX Info: Redefining \dots on input line 498.
\Mathstrutbox@=\box54
\strutbox@=\box55
LaTeX Info: Redefining \big on input line 721.
LaTeX Info: Redefining \Big on input line 722.
LaTeX Info: Redefining \bigg on input line 723.
LaTeX Info: Redefining \Bigg on input line 724.
\big@size=\dimen144
LaTeX Font Info:    Redeclaring font encoding OML on input line 742.
LaTeX Font Info:    Redeclaring font encoding OMS on input line 743.
\macc@depth=\count276
LaTeX Info: Redefining \bmod on input line 904.
LaTeX Info: Redefining \pmod on input line 909.
LaTeX Info: Redefining \smash on input line 939.
\c@MaxMatrixCols=\count277
\dotsspace@=\muskip17
\c@parentequation=\count278
\dspbrk@lvl=\count279
\tag@help=\toks19
\row@=\count280
\column@=\count281
\maxfields@=\count282
\andhelp@=\toks20
\eqnshift@=\dimen145
\alignsep@=\dimen146
\tagshift@=\dimen147
\tagwidth@=\dimen148
\totwidth@=\dimen149
\lineht@=\dimen150
\@envbody=\toks21
\multlinegap=\skip66
\multlinetaggap=\skip67
\mathdisplay@stack=\toks22
LaTeX Info: Redefining \[ on input line 2953.
LaTeX Info: Redefining \] on input line 2954.
) (/usr/local/texlive/2025/texmf-dist/tex/latex/amsfonts/amsfonts.sty
Package: amsfonts 2013/01/14 v3.01 Basic AMSFonts support
\symAMSa=\mathgroup12
\symAMSb=\mathgroup13
) (/usr/local/texlive/2025/texmf-dist/tex/latex/amscls/amsthm.sty
Package: amsthm 2020/05/29 v2.20.6
\thm@style=\toks23
\thm@bodyfont=\toks24
\thm@headfont=\toks25
\thm@notefont=\toks26
\thm@headpunct=\toks27
\thm@preskip=\skip68
\thm@postskip=\skip69
\thm@headsep=\skip70
\dth@everypar=\toks28
) (/usr/local/texlive/2025/texmf-dist/tex/latex/xpatch/xpatch.sty (/usr/local/texlive/2025/texmf-dist/tex/latex/l3kernel/expl3.sty
Package: expl3 2025-01-18 L3 programming layer (loader) 
 (/usr/local/texlive/2025/texmf-dist/tex/latex/l3backend/l3backend-pdftex.def
File: l3backend-pdftex.def 2024-05-08 L3 backend support: PDF output (pdfTeX)
\l__color_backend_stack_int=\count283
\l__pdf_internal_box=\box56
))
Package: xpatch 2020/03/25 v0.3a Extending etoolbox patching commands
 (/usr/local/texlive/2025/texmf-dist/tex/latex/l3packages/xparse/xparse.sty
Package: xparse 2024-08-16 L3 Experimental document command parser
) (/usr/local/texlive/2025/texmf-dist/tex/latex/etoolbox/etoolbox.sty
Package: etoolbox 2025/02/11 v2.5l e-TeX tools for LaTeX (JAW)
\etb@tempcnta=\count284
))
Class scrartcl Info: amsthm's \deferred@thm@head patched.
 (/usr/local/texlive/2025/texmf-dist/tex/latex/graphics/graphicx.sty
Package: graphicx 2021/09/16 v1.2d Enhanced LaTeX Graphics (DPC,SPQR)
 (/usr/local/texlive/2025/texmf-dist/tex/latex/graphics/graphics.sty
Package: graphics 2024/08/06 v1.4g Standard LaTeX Graphics (DPC,SPQR)
 (/usr/local/texlive/2025/texmf-dist/tex/latex/graphics/trig.sty
Package: trig 2023/12/02 v1.11 sin cos tan (DPC)
) (/usr/local/texlive/2025/texmf-dist/tex/latex/graphics-cfg/graphics.cfg
File: graphics.cfg 2016/06/04 v1.11 sample graphics configuration
)
Package graphics Info: Driver file: pdftex.def on input line 106.
 (/usr/local/texlive/2025/texmf-dist/tex/latex/graphics-def/pdftex.def
File: pdftex.def 2024/04/13 v1.2c Graphics/color driver for pdftex
))
\Gin@req@height=\dimen151
\Gin@req@width=\dimen152
) (/usr/local/texlive/2025/texmf-dist/tex/latex/comment/comment.sty
\CommentStream=\write3
 Excluding comment 'comment') (/usr/local/texlive/2025/texmf-dist/tex/latex/sectsty/sectsty.sty
Package: sectsty 2002/02/25 v2.0.2 Commands to change all sectional heading styles


LaTeX Warning: Command \underbar  has changed.
               Check if current package is valid.


LaTeX Warning: Command \underline  has changed.
               Check if current package is valid.

)

Class scrartcl Warning: Incompatible package `sectsty' loaded!
(scrartcl)              Package `sectsty' up to version 2.0.2 is incompatible
(scrartcl)              with KOMA-Script from version 2.8e released in 2001.
(scrartcl)              You should avoid that package and configure the
(scrartcl)              section titles of your document using the KOMA-Script
(scrartcl)              user interface, e.g., \chapterlinesformat,
(scrartcl)              \RedeclareSectionCommand etc. or you should ask
(scrartcl)              the `sectsty' maintainer for a more compatible release.
(scrartcl)              Ignoring this warning could result in several error
(scrartcl)              messages and formatting issues after loading package
(scrartcl)              `sectsty' on input line 13.

(/usr/local/texlive/2025/texmf-dist/tex/latex/float/float.sty
Package: float 2001/11/08 v1.3d Float enhancements (AL)
\c@float@type=\count285
\float@exts=\toks29
\float@box=\box57
\@float@everytoks=\toks30
\@floatcapt=\box58
)

Class scrartcl Warning: Usage of package `fancyhdr' together
(scrartcl)              with a KOMA-Script class is not recommended.
(scrartcl)              I'd suggest to use 
(scrartcl)              package `scrlayer' or `scrlayer-scrpage', because
(scrartcl)              they support KOMA-Script classes.
(scrartcl)              With `fancyhdr' several features of class `scrartcl'
(scrartcl)              like options `headsepline', `footsepline' or command
(scrartcl)              `\MakeMarkcase' and the commands `\setkomafont' and
(scrartcl)              `\addtokomafont' for the page style elements need
(scrartcl)              explicite user intervention to work.
(scrartcl)              Nevertheless, using requested
(scrartcl)              package `fancyhdr' on input line 17.

(/usr/local/texlive/2025/texmf-dist/tex/latex/fancyhdr/fancyhdr.sty
Package: fancyhdr 2025/02/07 v5.2 Extensive control of page headers and footers
\f@nch@headwidth=\skip71
\f@nch@offset@elh=\skip72
\f@nch@offset@erh=\skip73
\f@nch@offset@olh=\skip74
\f@nch@offset@orh=\skip75
\f@nch@offset@elf=\skip76
\f@nch@offset@erf=\skip77
\f@nch@offset@olf=\skip78
\f@nch@offset@orf=\skip79
\f@nch@height=\skip80
\f@nch@footalignment=\skip81
\f@nch@widthL=\skip82
\f@nch@widthC=\skip83
\f@nch@widthR=\skip84
\@temptokenb=\toks31
) (/usr/local/texlive/2025/texmf-dist/tex/latex/hang/hang.sty
Package: hang 2017/02/18 v2.1 Hanging paragraphs and list items
\hangingindent=\skip85
\hangingleftmargin=\skip86
\labeledleftmargin=\skip87
) (/usr/local/texlive/2025/texmf-dist/tex/latex/listings/listings.sty
\lst@mode=\count286
\lst@gtempboxa=\box59
\lst@token=\toks32
\lst@length=\count287
\lst@currlwidth=\dimen153
\lst@column=\count288
\lst@pos=\count289
\lst@lostspace=\dimen154
\lst@width=\dimen155
\lst@newlines=\count290
\lst@lineno=\count291
\lst@maxwidth=\dimen156
 (/usr/local/texlive/2025/texmf-dist/tex/latex/listings/lstpatch.sty
File: lstpatch.sty 2024/09/23 1.10c (Carsten Heinz)
) (/usr/local/texlive/2025/texmf-dist/tex/latex/listings/lstmisc.sty
File: lstmisc.sty 2024/09/23 1.10c (Carsten Heinz)
\c@lstnumber=\count292
\lst@skipnumbers=\count293
\lst@framebox=\box60
) (/usr/local/texlive/2025/texmf-dist/tex/latex/listings/listings.cfg
File: listings.cfg 2024/09/23 1.10c listings configuration
))
Package: listings 2024/09/23 1.10c (Carsten Heinz)
 (/usr/local/texlive/2025/texmf-dist/tex/latex/xcolor/xcolor.sty
Package: xcolor 2024/09/29 v3.02 LaTeX color extensions (UK)
 (/usr/local/texlive/2025/texmf-dist/tex/latex/graphics-cfg/color.cfg
File: color.cfg 2016/01/02 v1.6 sample color configuration
)
Package xcolor Info: Driver file: pdftex.def on input line 274.
 (/usr/local/texlive/2025/texmf-dist/tex/latex/graphics/mathcolor.ltx)
Package xcolor Info: Model `cmy' substituted by `cmy0' on input line 1349.
Package xcolor Info: Model `hsb' substituted by `rgb' on input line 1353.
Package xcolor Info: Model `RGB' extended on input line 1365.
Package xcolor Info: Model `HTML' substituted by `rgb' on input line 1367.
Package xcolor Info: Model `Hsb' substituted by `hsb' on input line 1368.
Package xcolor Info: Model `tHsb' substituted by `hsb' on input line 1369.
Package xcolor Info: Model `HSB' substituted by `hsb' on input line 1370.
Package xcolor Info: Model `Gray' substituted by `gray' on input line 1371.
Package xcolor Info: Model `wave' substituted by `hsb' on input line 1372.
) (/usr/local/texlive/2025/texmf-dist/tex/latex/colortbl/colortbl.sty
Package: colortbl 2024/07/06 v1.0i Color table columns (DPC)
 (/usr/local/texlive/2025/texmf-dist/tex/latex/tools/array.sty
Package: array 2024/10/17 v2.6g Tabular extension package (FMi)
\col@sep=\dimen157
\ar@mcellbox=\box61
\extrarowheight=\dimen158
\NC@list=\toks33
\extratabsurround=\skip88
\backup@length=\skip89
\ar@cellbox=\box62
)
\everycr=\toks34
\minrowclearance=\skip90
\rownum=\count294
) (/usr/local/texlive/2025/texmf-dist/tex/latex/hyperref/hyperref.sty
Package: hyperref 2024-11-05 v7.01l Hypertext links for LaTeX
 (/usr/local/texlive/2025/texmf-dist/tex/generic/iftex/iftex.sty
Package: iftex 2024/12/12 v1.0g TeX engine tests
) (/usr/local/texlive/2025/texmf-dist/tex/latex/kvsetkeys/kvsetkeys.sty
Package: kvsetkeys 2022-10-05 v1.19 Key value parser (HO)
) (/usr/local/texlive/2025/texmf-dist/tex/generic/kvdefinekeys/kvdefinekeys.sty
Package: kvdefinekeys 2019-12-19 v1.6 Define keys (HO)
) (/usr/local/texlive/2025/texmf-dist/tex/generic/pdfescape/pdfescape.sty
Package: pdfescape 2019/12/09 v1.15 Implements pdfTeX's escape features (HO)
 (/usr/local/texlive/2025/texmf-dist/tex/generic/ltxcmds/ltxcmds.sty
Package: ltxcmds 2023-12-04 v1.26 LaTeX kernel commands for general use (HO)
) (/usr/local/texlive/2025/texmf-dist/tex/generic/pdftexcmds/pdftexcmds.sty
Package: pdftexcmds 2020-06-27 v0.33 Utility functions of pdfTeX for LuaTeX (HO)
 (/usr/local/texlive/2025/texmf-dist/tex/generic/infwarerr/infwarerr.sty
Package: infwarerr 2019/12/03 v1.5 Providing info/warning/error messages (HO)
)
Package pdftexcmds Info: \pdf@primitive is available.
Package pdftexcmds Info: \pdf@ifprimitive is available.
Package pdftexcmds Info: \pdfdraftmode found.
)) (/usr/local/texlive/2025/texmf-dist/tex/latex/hycolor/hycolor.sty
Package: hycolor 2020-01-27 v1.10 Color options for hyperref/bookmark (HO)
) (/usr/local/texlive/2025/texmf-dist/tex/latex/hyperref/nameref.sty
Package: nameref 2023-11-26 v2.56 Cross-referencing by name of section
 (/usr/local/texlive/2025/texmf-dist/tex/latex/refcount/refcount.sty
Package: refcount 2019/12/15 v3.6 Data extraction from label references (HO)
) (/usr/local/texlive/2025/texmf-dist/tex/generic/gettitlestring/gettitlestring.sty
Package: gettitlestring 2019/12/15 v1.6 Cleanup title references (HO)
 (/usr/local/texlive/2025/texmf-dist/tex/latex/kvoptions/kvoptions.sty
Package: kvoptions 2022-06-15 v3.15 Key value format for package options (HO)
))
\c@section@level=\count295
) (/usr/local/texlive/2025/texmf-dist/tex/generic/stringenc/stringenc.sty
Package: stringenc 2019/11/29 v1.12 Convert strings between diff. encodings (HO)
)
\@linkdim=\dimen159
\Hy@linkcounter=\count296
\Hy@pagecounter=\count297
 (/usr/local/texlive/2025/texmf-dist/tex/latex/hyperref/pd1enc.def
File: pd1enc.def 2024-11-05 v7.01l Hyperref: PDFDocEncoding definition (HO)
Now handling font encoding PD1 ...
... no UTF-8 mapping file for font encoding PD1
) (/usr/local/texlive/2025/texmf-dist/tex/generic/intcalc/intcalc.sty
Package: intcalc 2019/12/15 v1.3 Expandable calculations with integers (HO)
)
\Hy@SavedSpaceFactor=\count298
 (/usr/local/texlive/2025/texmf-dist/tex/latex/hyperref/puenc.def
File: puenc.def 2024-11-05 v7.01l Hyperref: PDF Unicode definition (HO)
Now handling font encoding PU ...
... no UTF-8 mapping file for font encoding PU
)
Package hyperref Info: Hyper figures OFF on input line 4157.
Package hyperref Info: Link nesting OFF on input line 4162.
Package hyperref Info: Hyper index ON on input line 4165.
Package hyperref Info: Plain pages OFF on input line 4172.
Package hyperref Info: Backreferencing OFF on input line 4177.
Package hyperref Info: Implicit mode ON; LaTeX internals redefined.
Package hyperref Info: Bookmarks ON on input line 4424.
\c@Hy@tempcnt=\count299
 (/usr/local/texlive/2025/texmf-dist/tex/latex/url/url.sty
\Urlmuskip=\muskip18
Package: url 2013/09/16  ver 3.4  Verb mode for urls, etc.
)
LaTeX Info: Redefining \url on input line 4763.
\XeTeXLinkMargin=\dimen160
 (/usr/local/texlive/2025/texmf-dist/tex/generic/bitset/bitset.sty
Package: bitset 2019/12/09 v1.3 Handle bit-vector datatype (HO)
 (/usr/local/texlive/2025/texmf-dist/tex/generic/bigintcalc/bigintcalc.sty
Package: bigintcalc 2019/12/15 v1.5 Expandable calculations on big integers (HO)
))
\Fld@menulength=\count300
\Field@Width=\dimen161
\Fld@charsize=\dimen162
Package hyperref Info: Hyper figures OFF on input line 6042.
Package hyperref Info: Link nesting OFF on input line 6047.
Package hyperref Info: Hyper index ON on input line 6050.
Package hyperref Info: backreferencing OFF on input line 6057.
Package hyperref Info: Link coloring OFF on input line 6062.
Package hyperref Info: Link coloring with OCG OFF on input line 6067.
Package hyperref Info: PDF/A mode OFF on input line 6072.
 (/usr/local/texlive/2025/texmf-dist/tex/latex/base/atbegshi-ltx.sty
Package: atbegshi-ltx 2021/01/10 v1.0c Emulation of the original atbegshi
package with kernel methods
)
\Hy@abspage=\count301
\c@Item=\count302
\c@Hfootnote=\count303
)
Package hyperref Info: Driver (autodetected): hpdftex.
 (/usr/local/texlive/2025/texmf-dist/tex/latex/hyperref/hpdftex.def
File: hpdftex.def 2024-11-05 v7.01l Hyperref driver for pdfTeX
 (/usr/local/texlive/2025/texmf-dist/tex/latex/base/atveryend-ltx.sty
Package: atveryend-ltx 2020/08/19 v1.0a Emulation of the original atveryend package
with kernel methods
)
\Fld@listcount=\count304
\c@bookmark@seq@number=\count305
 (/usr/local/texlive/2025/texmf-dist/tex/latex/rerunfilecheck/rerunfilecheck.sty
Package: rerunfilecheck 2022-07-10 v1.10 Rerun checks for auxiliary files (HO)
 (/usr/local/texlive/2025/texmf-dist/tex/generic/uniquecounter/uniquecounter.sty
Package: uniquecounter 2019/12/15 v1.4 Provide unlimited unique counter (HO)
)
Package uniquecounter Info: New unique counter `rerunfilecheck' on input line 285.
)
\Hy@SectionHShift=\skip91
) (/usr/local/texlive/2025/texmf-dist/tex/latex/biblatex/biblatex.sty
Package: biblatex 2024/03/21 v3.20 programmable bibliographies (PK/MW)
 (/usr/local/texlive/2025/texmf-dist/tex/latex/logreq/logreq.sty
Package: logreq 2010/08/04 v1.0 xml request logger
\lrq@indent=\count306
 (/usr/local/texlive/2025/texmf-dist/tex/latex/logreq/logreq.def
File: logreq.def 2010/08/04 v1.0 logreq spec v1.0
)) (/usr/local/texlive/2025/texmf-dist/tex/latex/base/ifthen.sty
Package: ifthen 2024/03/16 v1.1e Standard LaTeX ifthen package (DPC)
)
\c@tabx@nest=\count307
\c@listtotal=\count308
\c@listcount=\count309
\c@liststart=\count310
\c@liststop=\count311
\c@citecount=\count312
\c@citetotal=\count313
\c@multicitecount=\count314
\c@multicitetotal=\count315
\c@instcount=\count316
\c@maxnames=\count317
\c@minnames=\count318
\c@maxitems=\count319
\c@minitems=\count320
\c@citecounter=\count321
\c@maxcitecounter=\count322
\c@savedcitecounter=\count323
\c@uniquelist=\count324
\c@uniquename=\count325
\c@refsection=\count326
\c@refsegment=\count327
\c@maxextratitle=\count328
\c@maxextratitleyear=\count329
\c@maxextraname=\count330
\c@maxextradate=\count331
\c@maxextraalpha=\count332
\c@abbrvpenalty=\count333
\c@highnamepenalty=\count334
\c@lownamepenalty=\count335
\c@maxparens=\count336
\c@parenlevel=\count337
\blx@tempcnta=\count338
\blx@tempcntb=\count339
\blx@tempcntc=\count340
\c@blx@maxsection=\count341
\blx@maxsegment@0=\count342
\blx@notetype=\count343
\blx@parenlevel@text=\count344
\blx@parenlevel@foot=\count345
\blx@sectionciteorder@0=\count346
\blx@sectionciteorderinternal@0=\count347
\blx@entrysetcounter=\count348
\blx@biblioinstance=\count349
\labelnumberwidth=\skip92
\labelalphawidth=\skip93
\biblabelsep=\skip94
\bibitemsep=\skip95
\bibnamesep=\skip96
\bibinitsep=\skip97
\bibparsep=\skip98
\bibhang=\skip99
\blx@bcfin=\read2
\blx@bcfout=\write4
\blx@langwohyphens=\language90
\c@mincomprange=\count350
\c@maxcomprange=\count351
\c@mincompwidth=\count352
Package biblatex Info: Trying to load biblatex default data model...
Package biblatex Info: ... file 'blx-dm.def' found.
 (/usr/local/texlive/2025/texmf-dist/tex/latex/biblatex/blx-dm.def
File: blx-dm.def 2024/03/21 v3.20 biblatex datamodel (PK/MW)
)
Package biblatex Info: Trying to load biblatex custom data model...
Package biblatex Info: ... file 'biblatex-dm.cfg' not found.
\c@afterword=\count353
\c@savedafterword=\count354
\c@annotator=\count355
\c@savedannotator=\count356
\c@author=\count357
\c@savedauthor=\count358
\c@bookauthor=\count359
\c@savedbookauthor=\count360
\c@commentator=\count361
\c@savedcommentator=\count362
\c@editor=\count363
\c@savededitor=\count364
\c@editora=\count365
\c@savededitora=\count366
\c@editorb=\count367
\c@savededitorb=\count368
\c@editorc=\count369
\c@savededitorc=\count370
\c@foreword=\count371
\c@savedforeword=\count372
\c@holder=\count373
\c@savedholder=\count374
\c@introduction=\count375
\c@savedintroduction=\count376
\c@namea=\count377
\c@savednamea=\count378
\c@nameb=\count379
\c@savednameb=\count380
\c@namec=\count381
\c@savednamec=\count382
\c@translator=\count383
\c@savedtranslator=\count384
\c@shortauthor=\count385
\c@savedshortauthor=\count386
\c@shorteditor=\count387
\c@savedshorteditor=\count388
\c@labelname=\count389
\c@savedlabelname=\count390
\c@institution=\count391
\c@savedinstitution=\count392
\c@lista=\count393
\c@savedlista=\count394
\c@listb=\count395
\c@savedlistb=\count396
\c@listc=\count397
\c@savedlistc=\count398
\c@listd=\count399
\c@savedlistd=\count400
\c@liste=\count401
\c@savedliste=\count402
\c@listf=\count403
\c@savedlistf=\count404
\c@location=\count405
\c@savedlocation=\count406
\c@organization=\count407
\c@savedorganization=\count408
\c@origlocation=\count409
\c@savedoriglocation=\count410
\c@origpublisher=\count411
\c@savedorigpublisher=\count412
\c@publisher=\count413
\c@savedpublisher=\count414
\c@language=\count415
\c@savedlanguage=\count416
\c@origlanguage=\count417
\c@savedoriglanguage=\count418
\c@pageref=\count419
\c@savedpageref=\count420
\shorthandwidth=\skip100
\shortjournalwidth=\skip101
\shortserieswidth=\skip102
\shorttitlewidth=\skip103
\shortauthorwidth=\skip104
\shorteditorwidth=\skip105
\locallabelnumberwidth=\skip106
\locallabelalphawidth=\skip107
\localshorthandwidth=\skip108
\localshortjournalwidth=\skip109
\localshortserieswidth=\skip110
\localshorttitlewidth=\skip111
\localshortauthorwidth=\skip112
\localshorteditorwidth=\skip113
Package biblatex Info: Trying to load compatibility code...
Package biblatex Info: ... file 'blx-compat.def' found.
 (/usr/local/texlive/2025/texmf-dist/tex/latex/biblatex/blx-compat.def
File: blx-compat.def 2024/03/21 v3.20 biblatex compatibility (PK/MW)
)
Package biblatex Info: Trying to load BibTeX backend compatibility...
Package biblatex Info: ... file 'blx-bibtex.def' found.
 (/usr/local/texlive/2025/texmf-dist/tex/latex/biblatex/blx-bibtex.def
File: blx-bibtex.def 2024/03/21 v3.20 biblatex compatibility (PK/MW)


Package biblatex Warning: Using fall-back bibtex backend:
(biblatex)                functionality may be reduced/unavailable.

)
Package biblatex Info: Trying to load generic definitions...
Package biblatex Info: ... file 'biblatex.def' found.
 (/usr/local/texlive/2025/texmf-dist/tex/latex/biblatex/biblatex.def
File: biblatex.def 2024/03/21 v3.20 biblatex compatibility (PK/MW)
\c@textcitecount=\count421
\c@textcitetotal=\count422
\c@textcitemaxnames=\count423
\c@biburlbigbreakpenalty=\count424
\c@biburlbreakpenalty=\count425
\c@biburlnumpenalty=\count426
\c@biburlucpenalty=\count427
\c@biburllcpenalty=\count428
\biburlbigskip=\muskip19
\biburlnumskip=\muskip20
\biburlucskip=\muskip21
\biburllcskip=\muskip22
\c@smartand=\count429
)
Package biblatex Info: Trying to load bibliography style 'numeric'...
Package biblatex Info: ... file 'numeric.bbx' found.
 (/usr/local/texlive/2025/texmf-dist/tex/latex/biblatex/bbx/numeric.bbx
File: numeric.bbx 2024/03/21 v3.20 biblatex bibliography style (PK/MW)
Package biblatex Info: Trying to load bibliography style 'standard'...
Package biblatex Info: ... file 'standard.bbx' found.
 (/usr/local/texlive/2025/texmf-dist/tex/latex/biblatex/bbx/standard.bbx
File: standard.bbx 2024/03/21 v3.20 biblatex bibliography style (PK/MW)
\c@bbx:relatedcount=\count430
\c@bbx:relatedtotal=\count431
))
Package biblatex Info: Trying to load citation style 'numeric'...
Package biblatex Info: ... file 'numeric.cbx' found.
 (/usr/local/texlive/2025/texmf-dist/tex/latex/biblatex/cbx/numeric.cbx
File: numeric.cbx 2024/03/21 v3.20 biblatex citation style (PK/MW)
Package biblatex Info: Redefining '\cite'.
Package biblatex Info: Redefining '\parencite'.
Package biblatex Info: Redefining '\footcite'.
Package biblatex Info: Redefining '\footcitetext'.
Package biblatex Info: Redefining '\smartcite'.
Package biblatex Info: Redefining '\supercite'.
Package biblatex Info: Redefining '\textcite'.
Package biblatex Info: Redefining '\textcites'.
Package biblatex Info: Redefining '\cites'.
Package biblatex Info: Redefining '\parencites'.
Package biblatex Info: Redefining '\smartcites'.
)
Package biblatex Info: Trying to load configuration file...
Package biblatex Info: ... file 'biblatex.cfg' found.
 (/usr/local/texlive/2025/texmf-dist/tex/latex/biblatex/biblatex.cfg
File: biblatex.cfg 
)
Package biblatex Info: Input encoding 'utf8' detected.
Package biblatex Info: Document encoding is UTF8 ....
Package biblatex Info: ... and expl3
(biblatex)             2025-01-18 L3 programming layer (loader) 
(biblatex)             is new enough (at least 2020/04/06),
(biblatex)             setting 'casechanger=expl3'.
 (/usr/local/texlive/2025/texmf-dist/tex/latex/biblatex/blx-case-expl3.sty
Package: blx-case-expl3 2024/03/21 v3.20 expl3 case changing code for biblatex
)) (/usr/local/texlive/2025/texmf-dist/tex/latex/wrapfig/wrapfig.sty
\wrapoverhang=\dimen163
\WF@size=\dimen164
\c@WF@wrappedlines=\count432
\WF@box=\box63
\WF@everypar=\toks35
Package: wrapfig 2003/01/31  v 3.6
) (/usr/local/texlive/2025/texmf-dist/tex/latex/csquotes/csquotes.sty
Package: csquotes 2024-04-04 v5.2o context-sensitive quotations (JAW)
\csq@reset=\count433
\csq@gtype=\count434
\csq@glevel=\count435
\csq@qlevel=\count436
\csq@maxlvl=\count437
\csq@tshold=\count438
\csq@ltx@everypar=\toks36
 (/usr/local/texlive/2025/texmf-dist/tex/latex/csquotes/csquotes.def
File: csquotes.def 2024-04-04 v5.2o csquotes generic definitions (JAW)
)
Package csquotes Info: Trying to load configuration file 'csquotes.cfg'...
Package csquotes Info: ... configuration file loaded successfully.
 (/usr/local/texlive/2025/texmf-dist/tex/latex/csquotes/csquotes.cfg
File: csquotes.cfg 
))
Package csquotes Info: Checking for multilingual support...
Package csquotes Info: ... none found.
LaTeX Font Info:    Trying to load font information for T1+stix on input line 94.
 (/usr/local/texlive/2025/texmf-dist/tex/latex/stix/t1stix.fd
File: t1stix.fd 2015/04/17 v1.1.2-latex STIX T1 font definitions
)
No file thesis_draft_1.aux.
\openout1 = `thesis_draft_1.aux'.

LaTeX Font Info:    Checking defaults for OML/cmm/m/it on input line 94.
LaTeX Font Info:    ... okay on input line 94.
LaTeX Font Info:    Checking defaults for OMS/cmsy/m/n on input line 94.
LaTeX Font Info:    ... okay on input line 94.
LaTeX Font Info:    Checking defaults for OT1/cmr/m/n on input line 94.
LaTeX Font Info:    ... okay on input line 94.
LaTeX Font Info:    Checking defaults for T1/cmr/m/n on input line 94.
LaTeX Font Info:    ... okay on input line 94.
LaTeX Font Info:    Checking defaults for TS1/cmr/m/n on input line 94.
LaTeX Font Info:    ... okay on input line 94.
LaTeX Font Info:    Checking defaults for OMX/cmex/m/n on input line 94.
LaTeX Font Info:    ... okay on input line 94.
LaTeX Font Info:    Checking defaults for U/cmr/m/n on input line 94.
LaTeX Font Info:    ... okay on input line 94.
LaTeX Font Info:    Checking defaults for LS1/stix/m/n on input line 94.
LaTeX Font Info:    Trying to load font information for LS1+stix on input line 94.
(/usr/local/texlive/2025/texmf-dist/tex/latex/stix/ls1stix.fd
File: ls1stix.fd 2015/04/17 v1.1.2-latex STIX LS1 font definitions
)
LaTeX Font Info:    ... okay on input line 94.
LaTeX Font Info:    Checking defaults for LS2/stix/m/n on input line 94.
LaTeX Font Info:    Trying to load font information for LS2+stix on input line 94.
 (/usr/local/texlive/2025/texmf-dist/tex/latex/stix/ls2stix.fd
File: ls2stix.fd 2015/04/17 v1.1.2-latex STIX LS2 font definitions
)
LaTeX Font Info:    ... okay on input line 94.
LaTeX Font Info:    Checking defaults for PD1/pdf/m/n on input line 94.
LaTeX Font Info:    ... okay on input line 94.
LaTeX Font Info:    Checking defaults for PU/pdf/m/n on input line 94.
LaTeX Font Info:    ... okay on input line 94.
Package scrbase Info: activating english \abstractname on input line 94.
Package scrbase Info: activating english \partname on input line 94.
Package scrbase Info: activating english \figurename on input line 94.
Package scrbase Info: activating english \tablename on input line 94.
Package scrbase Info: activating english \contentsname on input line 94.
Package scrbase Info: activating english \listfigurename on input line 94.
Package scrbase Info: activating english \listtablename on input line 94.
Package scrbase Info: activating english \refname on input line 94.
Package scrbase Info: activating english \indexname on input line 94.
LaTeX Info: Command `\dddot' is already robust on input line 94.
LaTeX Info: Command `\ddddot' is already robust on input line 94.
 (/usr/local/texlive/2025/texmf-dist/tex/context/base/mkii/supp-pdf.mkii
[Loading MPS to PDF converter (version 2006.09.02).]
\scratchcounter=\count439
\scratchdimen=\dimen165
\scratchbox=\box64
\nofMPsegments=\count440
\nofMParguments=\count441
\everyMPshowfont=\toks37
\MPscratchCnt=\count442
\MPscratchDim=\dimen166
\MPnumerator=\count443
\makeMPintoPDFobject=\count444
\everyMPtoPDFconversion=\toks38
) (/usr/local/texlive/2025/texmf-dist/tex/latex/epstopdf-pkg/epstopdf-base.sty
Package: epstopdf-base 2020-01-24 v2.11 Base part for package epstopdf
Package epstopdf-base Info: Redefining graphics rule for `.eps' on input line 485.
 (/usr/local/texlive/2025/texmf-dist/tex/latex/latexconfig/epstopdf-sys.cfg
File: epstopdf-sys.cfg 2010/07/13 v1.3 Configuration of (r)epstopdf for TeX Live
))
\c@lstlisting=\count445
Package tocbasic Info: omitting babel extension for `lol'
(tocbasic)             because of missing \bbl@set@language on input line 94.
\scr@dte@lstlisting@maxnumwidth=\skip114
Package hyperref Info: Link coloring OFF on input line 94.
\@outlinefile=\write5
\openout5 = `thesis_draft_1.out'.

Class scrartcl Info: loading recommended package `bookmark'.
(scrartcl)           Using `bookmark' together with `hyperref' is recommended,
(scrartcl)           because of handling of possible bookmark level gaps.
(scrartcl)           You can avoid loading `bookmark' with KOMA-Script option
(scrartcl)           `bookmarkpackage=false' before \begin{document} and
(scrartcl)           you can avoid this message adding:
(scrartcl)             \usepackage{bookmark}
(scrartcl)           before \begin{document} on input line 94.
 (/usr/local/texlive/2025/texmf-dist/tex/latex/bookmark/bookmark.sty
Package: bookmark 2023-12-10 v1.31 PDF bookmarks (HO)
 (/usr/local/texlive/2025/texmf-dist/tex/latex/bookmark/bkm-pdftex.def
File: bkm-pdftex.def 2023-12-10 v1.31 bookmark driver for pdfTeX and luaTeX (HO)
\BKM@id=\count446
))
Package biblatex Info: Trying to load language 'english'...
Package biblatex Info: ... file 'english.lbx' found.
 (/usr/local/texlive/2025/texmf-dist/tex/latex/biblatex/lbx/english.lbx
File: english.lbx 2024/03/21 v3.20 biblatex localization (PK/MW)
)
Package biblatex Info: Input encoding 'utf8' detected.
Package biblatex Info: Automatic encoding selection.
(biblatex)             Assuming data encoding 'utf8'.
Package biblatex Info: Input encoding 'utf8' detected.
Package biblatex Info: Data encoding 'utf8' specified.
(biblatex)             No need to reencode data.
\openout4 = `thesis_draft_1-blx.bib'.

Package biblatex Info: Trying to load bibliographic data...
Package biblatex Info: ... file 'thesis_draft_1.bbl' found.
 (./thesis_draft_1.bbl)
Package biblatex Info: Reference section=0 on input line 94.
Package biblatex Info: Reference segment=0 on input line 94.
LaTeX Font Info:    Trying to load font information for LS1+stixscr on input line 96.
 (/usr/local/texlive/2025/texmf-dist/tex/latex/stix/ls1stixscr.fd
File: ls1stixscr.fd 2015/04/17 v1.1.2-latex STIX script LS1 font definitions
)
LaTeX Font Info:    Trying to load font information for LS2+stixex on input line 96.
 (/usr/local/texlive/2025/texmf-dist/tex/latex/stix/ls2stixex.fd
File: ls2stixex.fd 2015/04/17 v1.1.2-latex STIX extentions LS2 font definitions
)
LaTeX Font Info:    Trying to load font information for LS1+stixfrak on input line 96.
 (/usr/local/texlive/2025/texmf-dist/tex/latex/stix/ls1stixfrak.fd
File: ls1stixfrak.fd 2015/04/17 v1.1.2-latex STIX fraktur LS1 font definitions
)
LaTeX Font Info:    Trying to load font information for LS1+stixbb on input line 96.
 (/usr/local/texlive/2025/texmf-dist/tex/latex/stix/ls1stixbb.fd
File: ls1stixbb.fd 2015/04/17 v1.1.2-latex STIX blackboard LS1 font definitions
)
LaTeX Font Info:    Trying to load font information for LS2+stixcal on input line 96.
 (/usr/local/texlive/2025/texmf-dist/tex/latex/stix/ls2stixcal.fd
File: ls2stixcal.fd 2015/04/17 v1.1.2-latex STIX calligraphic LS2 font definitions
)
LaTeX Font Info:    Trying to load font information for LS1+stixsf on input line 96.
 (/usr/local/texlive/2025/texmf-dist/tex/latex/stix/ls1stixsf.fd
File: ls1stixsf.fd 2015/04/17 v1.1.2-latex STIX sans-serif LS1 font definitions
)
LaTeX Font Info:    Trying to load font information for LS2+stixtt on input line 96.
 (/usr/local/texlive/2025/texmf-dist/tex/latex/stix/ls2stixtt.fd
File: ls2stixtt.fd 2015/04/17 v1.1.2-latex STIX typewriter LS2 font definitions
)
LaTeX Font Info:    Trying to load font information for U+msa on input line 96.
 (/usr/local/texlive/2025/texmf-dist/tex/latex/amsfonts/umsa.fd
File: umsa.fd 2013/01/14 v3.01 AMS symbols A
)
LaTeX Font Info:    Trying to load font information for U+msb on input line 96.
 (/usr/local/texlive/2025/texmf-dist/tex/latex/amsfonts/umsb.fd
File: umsb.fd 2013/01/14 v3.01 AMS symbols B
) (./chapters/01_abstract.tex

Class scrartcl Warning: Incompatible usage of \@ssect detected.
(scrartcl)              You've used the KOMA-Script implementation of \@ssect
(scrartcl)              from within a non compatible caller, that does not
(scrartcl)              \scr@s@ct@@nn@m@ locally.
(scrartcl)              This could result in several error messages on input line 1.

) (./chapters/02_acknowledgements.tex

[1


{/usr/local/texlive/2025/texmf-var/fonts/map/pdftex/updmap/pdftex.map}{/usr/local/texlive/2025/texmf-dist/fonts/enc/dvips/stix/stix-t1.enc}]

Class scrartcl Warning: Incompatible usage of \@ssect detected.
(scrartcl)              You've used the KOMA-Script implementation of \@ssect
(scrartcl)              from within a non compatible caller, that does not
(scrartcl)              \scr@s@ct@@nn@m@ locally.
(scrartcl)              This could result in several error messages on input line 1.


Underfull \hbox (badness 10000) in paragraph at lines 3--4

 []


Underfull \hbox (badness 10000) in paragraph at lines 5--6

 []


Underfull \hbox (badness 10000) in paragraph at lines 7--8

 []


Underfull \hbox (badness 10000) in paragraph at lines 9--10

 []


Underfull \hbox (badness 10000) in paragraph at lines 11--12

 []

)

[2]

Class scrartcl Warning: Incompatible usage of \@ssect detected.
(scrartcl)              You've used the KOMA-Script implementation of \@ssect
(scrartcl)              from within a non compatible caller, that does not
(scrartcl)              \scr@s@ct@@nn@m@ locally.
(scrartcl)              This could result in several error messages on input line 99.

No file thesis_draft_1.toc.
\tf@toc=\write6
\openout6 = `thesis_draft_1.toc'.



[3] (./chapters/03_introduction.tex
Underfull \hbox (badness 10000) in paragraph at lines 2--3

 []


Underfull \hbox (badness 10000) in paragraph at lines 4--5

 []


Underfull \hbox (badness 10000) in paragraph at lines 6--7

 []


Underfull \hbox (badness 10000) in paragraph at lines 8--9

 []


LaTeX Warning: Reference `sec:theoreticalbackground' on page 4 undefined on input line 10.


LaTeX Warning: Reference `sec:compmethod' on page 4 undefined on input line 10.


LaTeX Warning: Reference `sec:resultsanddiscussion' on page 4 undefined on input line 10.


LaTeX Warning: Reference `sec:conclusion' on page 4 undefined on input line 10.

) (./chapters/04_theoreticalbackground.tex

[4

]
</Users/conorkirby/Documents/College Work/Capstone/Thesis_Draft1/figures/browniandispdist.png, id=29, 1394.20876pt x 595.22375pt>
File: /Users/conorkirby/Documents/College Work/Capstone/Thesis_Draft1/figures/browniandispdist.png Graphic file (type png)
<use /Users/conorkirby/Documents/College Work/Capstone/Thesis_Draft1/figures/browniandispdist.png>
Package pdftex.def Info: /Users/conorkirby/Documents/College Work/Capstone/Thesis_Draft1/figures/browniandispdist.png  used on input line 8.
(pdftex.def)             Requested size: 425.72302pt x 181.74733pt.


[5 </Users/conorkirby/Documents/College Work/Capstone/Thesis_Draft1/figures/browniandispdist.png>]
Underfull \hbox (badness 10000) in paragraph at lines 39--41

 []


Underfull \hbox (badness 10000) in paragraph at lines 45--46

 []


Underfull \hbox (badness 10000) in paragraph at lines 55--56

 []



[6]
Underfull \hbox (badness 10000) in paragraph at lines 61--63

 []


LaTeX Warning: Reference `fig:DJIA_autocorr' on page 7 undefined on input line 64.

<figures/DJIA_auto_ret_vol.png, id=58, 733.74126pt x 288.07625pt>
File: figures/DJIA_auto_ret_vol.png Graphic file (type png)
<use figures/DJIA_auto_ret_vol.png>
Package pdftex.def Info: figures/DJIA_auto_ret_vol.png  used on input line 68.
(pdftex.def)             Requested size: 448.13095pt x 175.94603pt.

Underfull \hbox (badness 10000) in paragraph at lines 82--84

 []



[7 <./figures/DJIA_auto_ret_vol.png>]
Underfull \hbox (badness 10000) in paragraph at lines 98--100

 []


Underfull \hbox (badness 10000) in paragraph at lines 103--104

 []


LaTeX Warning: Reference `ccdf process' on page 8 undefined on input line 105.


LaTeX Warning: Reference `ccdf process' on page 8 undefined on input line 105.


Underfull \hbox (badness 10000) in paragraph at lines 105--106

 []


LaTeX Warning: Reference `ccdf process' on page 8 undefined on input line 107.


Underfull \hbox (badness 10000) in paragraph at lines 107--108

 []


LaTeX Warning: Reference `ccdf process' on page 8 undefined on input line 109.


LaTeX Warning: Reference `ccdf process' on page 8 undefined on input line 109.


Underfull \hbox (badness 10000) in paragraph at lines 109--110

 []



[8]
</Users/conorkirby/Documents/College Work/Capstone/Thesis_Draft1/figures/CCDF_collpase_snp500.png, id=83, 632.3625pt x 392.46625pt>
File: /Users/conorkirby/Documents/College Work/Capstone/Thesis_Draft1/figures/CCDF_collpase_snp500.png Graphic file (type png)
<use /Users/conorkirby/Documents/College Work/Capstone/Thesis_Draft1/figures/CCDF_collpase_snp500.png>
Package pdftex.def Info: /Users/conorkirby/Documents/College Work/Capstone/Thesis_Draft1/figures/CCDF_collpase_snp500.png  used on input line 113.
(pdftex.def)             Requested size: 448.13095pt x 278.13197pt.
) (./chapters/05_compmethod.tex
Underfull \hbox (badness 10000) in paragraph at lines 118--1

 []


LaTeX Warning: Reference `lst:datasample' on page 9 undefined on input line 3.


Underfull \hbox (badness 10000) in paragraph at lines 3--4

 []

(/usr/local/texlive/2025/texmf-dist/tex/latex/listings/lstlang1.sty
File: lstlang1.sty 2024/09/23 1.10c listings language file
)

[9 </Users/conorkirby/Documents/College Work/Capstone/Thesis_Draft1/figures/CCDF_collpase_snp500.png>]
Underfull \hbox (badness 10000) in paragraph at lines 15--16

 []


LaTeX Warning: Reference `fig:path-unfixed' on page 10 undefined on input line 20.


LaTeX Warning: Reference `bubbleallpath' on page 10 undefined on input line 21.

<figures/bubble_paths_unfixed.png, id=94, 578.16pt x 578.16pt>
File: figures/bubble_paths_unfixed.png Graphic file (type png)
<use figures/bubble_paths_unfixed.png>
Package pdftex.def Info: figures/bubble_paths_unfixed.png  used on input line 26.
(pdftex.def)             Requested size: 215.10094pt x 215.09799pt.

Underfull \hbox (badness 10000) in paragraph at lines 27--27
[][][]\T1/stix/m/n/12 Periodic bound-ary con-di-tions
 []


Overfull \hbox (9.34987pt too wide) in paragraph at lines 32--33
[]\T1/stix/m/n/12 The best way found to do all this in con-junc-tion with the anal-y-sis was to have a [][][][][][]
 []


Underfull \hbox (badness 10000) in paragraph at lines 32--33

 []


Underfull \hbox (badness 10000) in paragraph at lines 35--36

 []



[10{/usr/local/texlive/2025/texmf-dist/fonts/enc/dvips/cm-super/cm-super-t1.enc} <./figures/bubble_paths_unfixed.png>]
Underfull \hbox (badness 10000) in paragraph at lines 38--39

 []


LaTeX Warning: Reference `fig:survcurv' on page 11 undefined on input line 40.


LaTeX Warning: Reference `fig: MSD' on page 11 undefined on input line 40.


Underfull \hbox (badness 10000) in paragraph at lines 40--41

 []


LaTeX Warning: Reference `eq:lr_def' on page 11 undefined on input line 43.


Underfull \hbox (badness 10000) in paragraph at lines 43--44

 []


LaTeX Warning: Reference `fig:xycombine' on page 11 undefined on input line 50.

<figures/x_y_combination_proof.png, id=112, 578.16pt x 578.16pt>
File: figures/x_y_combination_proof.png Graphic file (type png)
<use figures/x_y_combination_proof.png>
Package pdftex.def Info: figures/x_y_combination_proof.png  used on input line 55.
(pdftex.def)             Requested size: 215.10094pt x 215.09799pt.


[11]
Underfull \hbox (badness 10000) in paragraph at lines 62--63

 []


Overfull \hbox (4.06238pt too wide) in paragraph at lines 65--67
[]\T1/stix/m/n/12 The nu-mer-i-cal method used to find the CCDF is a sort-and-count method ([][][][][][]),
 []


Underfull \hbox (badness 10000) in paragraph at lines 65--67

 []


LaTeX Warning: Reference `fig:cutandcollapse_1' on page 12 undefined on input line 68.


LaTeX Warning: Reference `ccdfcutinvest' on page 12 undefined on input line 68.


LaTeX Warning: Reference `eq:scalefiteq' on page 12 undefined on input line 68.


Underfull \hbox (badness 10000) in paragraph at lines 68--69

 []



[12 <./figures/x_y_combination_proof.png>]
Underfull \hbox (badness 10000) in paragraph at lines 71--72

 []


LaTeX Warning: Reference `sec:temp_acf_def' on page 13 undefined on input line 73.


LaTeX Warning: Reference `eq:norm_acf' on page 13 undefined on input line 73.


LaTeX Warning: Reference `lst:acfcode' on page 13 undefined on input line 73.

) (./chapters/06_resultsanddiscussion.tex

./chapters/06_resultsanddiscussion.tex:6: LaTeX Error: Environment subfigure undefined.

See the LaTeX manual or LaTeX Companion for explanation.
Type  H <return>  for immediate help.
 ...                                              
                                                  
l.6     \begin{subfigure}
                         {0.45\textwidth}
Your command was ignored.
Type  I <command> <return>  to replace it with another command,
or  <return>  to continue without it.

./chapters/06_resultsanddiscussion.tex:6: Missing number, treated as zero.
<to be read again> 
                   }
l.6     \begin{subfigure}{0.45\textwidth}
                                         
A number should have been here; I inserted `0'.
(If you can't figure out why I needed to see a number,
look up `weird error' in the index to The TeXbook.)

./chapters/06_resultsanddiscussion.tex:6: Illegal unit of measure (pt inserted).
<to be read again> 
                   }
l.6     \begin{subfigure}{0.45\textwidth}
                                         
Dimensions can be in units of em, ex, in, pt, pc,
cm, mm, dd, cc, nd, nc, bp, or sp; but yours is a new one!
I'll assume that you meant to say pt, for printer's points.
To recover gracefully from this error, it's best to
delete the erroneous units; e.g., type `2' to delete
two letters. (See Chapter 27 of The TeXbook.)


LaTeX Warning: Reference `bubbleallpath' on page 13 undefined on input line 7.


./chapters/06_resultsanddiscussion.tex:8: LaTeX Error: \begin{figure} on input line 4 ended by \end{subfigure}.

See the LaTeX manual or LaTeX Companion for explanation.
Type  H <return>  for immediate help.
 ...                                              
                                                  
l.8     \end{subfigure}
                       
Your command was ignored.
Type  I <command> <return>  to replace it with another command,
or  <return>  to continue without it.


./chapters/06_resultsanddiscussion.tex:10: LaTeX Error: Environment subfigure undefined.

See the LaTeX manual or LaTeX Companion for explanation.
Type  H <return>  for immediate help.
 ...                                              
                                                  
l.10     \begin{subfigure}
                          {0.45\textwidth}
Your command was ignored.
Type  I <command> <return>  to replace it with another command,
or  <return>  to continue without it.

./chapters/06_resultsanddiscussion.tex:10: Missing number, treated as zero.
<to be read again> 
                   }
l.10     \begin{subfigure}{0.45\textwidth}
                                          
A number should have been here; I inserted `0'.
(If you can't figure out why I needed to see a number,
look up `weird error' in the index to The TeXbook.)

./chapters/06_resultsanddiscussion.tex:10: Illegal unit of measure (pt inserted).
<to be read again> 
                   }
l.10     \begin{subfigure}{0.45\textwidth}
                                          
Dimensions can be in units of em, ex, in, pt, pc,
cm, mm, dd, cc, nd, nc, bp, or sp; but yours is a new one!
I'll assume that you meant to say pt, for printer's points.
To recover gracefully from this error, it's best to
delete the erroneous units; e.g., type `2' to delete
two letters. (See Chapter 27 of The TeXbook.)

<figures/bubblepathwithmean.png, id=130, 433.62pt x 433.62pt>
File: figures/bubblepathwithmean.png Graphic file (type png)
<use figures/bubblepathwithmean.png>
Package pdftex.def Info: figures/bubblepathwithmean.png  used on input line 12.
(pdftex.def)             Requested size: 201.65755pt x 201.65768pt.

./chapters/06_resultsanddiscussion.tex:15: LaTeX Error: \begin{figure} on input line 4 ended by \end{subfigure}.

See the LaTeX manual or LaTeX Companion for explanation.
Type  H <return>  for immediate help.
 ...                                              
                                                  
l.15     \end{subfigure}
                        
Your command was ignored.
Type  I <command> <return>  to replace it with another command,
or  <return>  to continue without it.

<figures/Gaussian_rand_walk.png, id=131, 433.62pt x 433.62pt>
File: figures/Gaussian_rand_walk.png Graphic file (type png)
<use figures/Gaussian_rand_walk.png>
Package pdftex.def Info: figures/Gaussian_rand_walk.png  used on input line 23.
(pdftex.def)             Requested size: 219.58662pt x 219.5884pt.
<figures/BubbleWalkZoom.png, id=132, 433.62pt x 433.62pt>
File: figures/BubbleWalkZoom.png Graphic file (type png)
<use figures/BubbleWalkZoom.png>
Package pdftex.def Info: figures/BubbleWalkZoom.png  used on input line 29.
(pdftex.def)             Requested size: 219.58662pt x 219.5884pt.

LaTeX Warning: `!h' float specifier changed to `!ht'.


LaTeX Warning: Reference `fig:walk_comparison' on page 13 undefined on input line 35.


LaTeX Warning: Reference `fig:walk_comparison' on page 13 undefined on input line 35.


Underfull \hbox (badness 10000) in paragraph at lines 35--36

 []



[13 <./figures/bubblepathwithmean.png>]
Underfull \hbox (badness 10000) in paragraph at lines 52--53

 []

<figures/comparison_bubble_area_methods.png, id=143, 578.16pt x 433.62pt>
File: figures/comparison_bubble_area_methods.png Graphic file (type png)
<use figures/comparison_bubble_area_methods.png>
Package pdftex.def Info: figures/comparison_bubble_area_methods.png  used on input line 58.
(pdftex.def)             Requested size: 224.06548pt x 168.04585pt.

LaTeX Warning: `!h' float specifier changed to `!ht'.


LaTeX Warning: Reference `fig: MSD' on page 14 undefined on input line 66.

<figures/bubble_MSD_alongside_Gaussian400.png, id=144, 495.5313pt x 425.1885pt>
File: figures/bubble_MSD_alongside_Gaussian400.png Graphic file (type png)
<use figures/bubble_MSD_alongside_Gaussian400.png>
Package pdftex.def Info: figures/bubble_MSD_alongside_Gaussian400.png  used on input line 71.
(pdftex.def)             Requested size: 219.58662pt x 188.42001pt.

Underfull \hbox (badness 2762) in paragraph at lines 72--72
[][][]\T1/stix/m/n/12 Mean squared dis-place-ment for
 []



[14 <./figures/Gaussian_rand_walk.png> <./figures/BubbleWalkZoom.png>]

LaTeX Warning: Reference `fig: MSD' on page 15 undefined on input line 77.


LaTeX Warning: Reference `fig:100vs400' on page 15 undefined on input line 77.


Underfull \hbox (badness 10000) in paragraph at lines 77--78

 []



[15 <./figures/comparison_bubble_area_methods.png> <./figures/bubble_MSD_alongside_Gaussian400.png>]

LaTeX Warning: Reference `dispdist' on page 16 undefined on input line 83.


LaTeX Warning: Reference `Browndispdist' on page 16 undefined on input line 83.


Underfull \hbox (badness 10000) in paragraph at lines 83--84

 []

<figures/displacement_distributions_1x4.png, id=163, 1428.2961pt x 339.9099pt>
File: figures/displacement_distributions_1x4.png Graphic file (type png)
<use figures/displacement_distributions_1x4.png>
Package pdftex.def Info: figures/displacement_distributions_1x4.png  used on input line 87.
(pdftex.def)             Requested size: 448.13095pt x 106.64688pt.

Underfull \hbox (badness 10000) in paragraph at lines 92--93

 []

<figures/log_returns_seperate_bubbles_2.png, id=164, 1428.537pt x 347.1369pt>
File: figures/log_returns_seperate_bubbles_2.png Graphic file (type png)
<use figures/log_returns_seperate_bubbles_2.png>
Package pdftex.def Info: figures/log_returns_seperate_bubbles_2.png  used on input line 96.
(pdftex.def)             Requested size: 448.13095pt x 108.89316pt.

LaTeX Warning: Reference `subsec: Autocorrelation' on page 16 undefined on input line 101.


Underfull \hbox (badness 10000) in paragraph at lines 101--102

 []



[16 <./figures/displacement_distributions_1x4.png> <./figures/log_returns_seperate_bubbles_2.png>]

LaTeX Warning: Reference `fig:BrownCCDF1' on page 17 undefined on input line 105.


LaTeX Warning: Reference `fig:BrownCCDF4' on page 17 undefined on input line 105.


Underfull \hbox (badness 10000) in paragraph at lines 105--106

 []


LaTeX Warning: Reference `sec: dispdist' on page 17 undefined on input line 107.

<figures/ccdf_displacement_components_1x2.png, id=175, 1260.3888pt x 352.9185pt>
File: figures/ccdf_displacement_components_1x2.png Graphic file (type png)
<use figures/ccdf_displacement_components_1x2.png>
Package pdftex.def Info: figures/ccdf_displacement_components_1x2.png  used on input line 111.
(pdftex.def)             Requested size: 448.13095pt x 125.4781pt.
<figures/ccdf_cut_scaling_1.png, id=176, 559.6107pt x 415.7934pt>
File: figures/ccdf_cut_scaling_1.png Graphic file (type png)
<use figures/ccdf_cut_scaling_1.png>
Package pdftex.def Info: figures/ccdf_cut_scaling_1.png  used on input line 121.
(pdftex.def)             Requested size: 219.58662pt x 163.15485pt.
<figures/displacement_pdf_collapse_levy_fit_1.png, id=177, 559.6107pt x 415.7934pt>
File: figures/displacement_pdf_collapse_levy_fit_1.png Graphic file (type png)
<use figures/displacement_pdf_collapse_levy_fit_1.png>
Package pdftex.def Info: figures/displacement_pdf_collapse_levy_fit_1.png  used on input line 127.
(pdftex.def)             Requested size: 219.58662pt x 163.15485pt.

LaTeX Warning: Reference `fig:cutandcollapse_1' on page 17 undefined on input line 134.


LaTeX Warning: Reference `fig:cutandcollapse_1' on page 17 undefined on input line 134.


Underfull \hbox (badness 10000) in paragraph at lines 134--135

 []



[17 <./figures/ccdf_displacement_components_1x2.png> <./figures/ccdf_cut_scaling_1.png> <./figures/displacement_pdf_collapse_levy_fit_1.png>]

LaTeX Warning: Reference `fig:apdx_ccdfscaling' on page 18 undefined on input line 136.


LaTeX Warning: Reference `fig:scalinginvest' on page 18 undefined on input line 136.


Underfull \hbox (badness 10000) in paragraph at lines 136--137

 []

<figures/ccdf_cut_scaling_investigation.png, id=189, 560.5743pt x 417.4797pt>
File: figures/ccdf_cut_scaling_investigation.png Graphic file (type png)
<use figures/ccdf_cut_scaling_investigation.png>
Package pdftex.def Info: figures/ccdf_cut_scaling_investigation.png  used on input line 143.
(pdftex.def)             Requested size: 268.8813pt x 200.24783pt.

LaTeX Warning: Reference `scalefiteq' on page 18 undefined on input line 172.


LaTeX Warning: Reference `eq:scalefiteq' on page 18 undefined on input line 178.


LaTeX Warning: Reference `c1c2invest' on page 18 undefined on input line 178.

<figures/c1_and_1_c2_vs_C_investigation.png, id=190, 1077.5457pt x 360.8682pt>
File: figures/c1_and_1_c2_vs_C_investigation.png Graphic file (type png)
<use figures/c1_and_1_c2_vs_C_investigation.png>
Package pdftex.def Info: figures/c1_and_1_c2_vs_C_investigation.png  used on input line 182.
(pdftex.def)             Requested size: 448.13095pt x 150.07687pt.

LaTeX Warning: `!h' float specifier changed to `!ht'.


LaTeX Warning: Reference `c1c2invest' on page 18 undefined on input line 187.



[18 <./figures/ccdf_cut_scaling_investigation.png>]
<figures/lr_volatility_acf_Brownian_1x2.png, id=200, 847.968pt x 290.7663pt>
File: figures/lr_volatility_acf_Brownian_1x2.png Graphic file (type png)
<use figures/lr_volatility_acf_Brownian_1x2.png>
Package pdftex.def Info: figures/lr_volatility_acf_Brownian_1x2.png  used on input line 201.
(pdftex.def)             Requested size: 448.13095pt x 153.66615pt.

Underfull \hbox (badness 10000) in paragraph at lines 205--206

 []


LaTeX Warning: Reference `fig:dispacf' on page 19 undefined on input line 207.


LaTeX Warning: Reference `fig:lrvolacf' on page 19 undefined on input line 207.


Underfull \hbox (badness 10000) in paragraph at lines 207--208

 []


LaTeX Warning: Reference `fig:lrvolacf' on page 19 undefined on input line 209.


LaTeX Warning: Reference `fig:DJIA_autocorr' on page 19 undefined on input line 209.



[19 <./figures/c1_and_1_c2_vs_C_investigation.png> <./figures/lr_volatility_acf_Brownian_1x2.png>]
<figures/lr_volatility_acf_1x2.png, id=211, 846.0408pt x 295.1025pt>
File: figures/lr_volatility_acf_1x2.png Graphic file (type png)
<use figures/lr_volatility_acf_1x2.png>
Package pdftex.def Info: figures/lr_volatility_acf_1x2.png  used on input line 213.
(pdftex.def)             Requested size: 448.13095pt x 156.309pt.


LaTeX Warning: Reference `fig:DJIA_autocorr' on page 20 undefined on input line 214.


LaTeX Warning: Reference `fig:DJIA_autocorr' on page 20 undefined on input line 214.

) (./chapters/07_conclusion.tex
Underfull \hbox (badness 10000) in paragraph at lines 2--3

 []


Underfull \hbox (badness 10000) in paragraph at lines 4--5

 []


Underfull \hbox (badness 10000) in paragraph at lines 6--7

 []


Underfull \hbox (badness 10000) in paragraph at lines 8--9

 []



[20 <./figures/lr_volatility_acf_1x2.png>]
Underfull \hbox (badness 10000) in paragraph at lines 10--11

 []


Underfull \hbox (badness 10000) in paragraph at lines 12--13

 []

)

Class scrartcl Warning: Incompatible usage of \@ssect detected.
(scrartcl)              You've used the KOMA-Script implementation of \@ssect
(scrartcl)              from within a non compatible caller, that does not
(scrartcl)              \scr@s@ct@@nn@m@ locally.
(scrartcl)              This could result in several error messages on input line 107.


Class scrartcl Warning: Incompatible usage of \@ssect detected.
(scrartcl)              You've used the KOMA-Script implementation of \@ssect
(scrartcl)              from within a non compatible caller, that does not
(scrartcl)              \scr@s@ct@@nn@m@ locally.
(scrartcl)              This could result in several error messages on input line 110.



[21]

Class scrartcl Warning: Incompatible usage of \@ssect detected.
(scrartcl)              You've used the KOMA-Script implementation of \@ssect
(scrartcl)              from within a non compatible caller, that does not
(scrartcl)              \scr@s@ct@@nn@m@ locally.
(scrartcl)              This could result in several error messages on input line 129.


Class scrartcl Warning: Incompatible usage of \@ssect detected.
(scrartcl)              You've used the KOMA-Script implementation of \@ssect
(scrartcl)              from within a non compatible caller, that does not
(scrartcl)              \scr@s@ct@@nn@m@ locally.
(scrartcl)              This could result in several error messages on input line 161.

<figures/100vs400_MSD.png, id=230, 462.528pt x 346.896pt>
File: figures/100vs400_MSD.png Graphic file (type png)
<use figures/100vs400_MSD.png>
Package pdftex.def Info: figures/100vs400_MSD.png  used on input line 164.
(pdftex.def)             Requested size: 448.13095pt x 336.11288pt.
<figures/bubble(MSD)_count_over_time.png, id=231, 578.16pt x 361.35pt>
File: figures/bubble(MSD)_count_over_time.png Graphic file (type png)
<use figures/bubble(MSD)_count_over_time.png>
Package pdftex.def Info: figures/bubble(MSD)_count_over_time.png  used on input line 170.
(pdftex.def)             Requested size: 448.13095pt x 280.08195pt.


[22]

[23 <./figures/100vs400_MSD.png>]

Class scrartcl Warning: Incompatible usage of \@ssect detected.
(scrartcl)              You've used the KOMA-Script implementation of \@ssect
(scrartcl)              from within a non compatible caller, that does not
(scrartcl)              \scr@s@ct@@nn@m@ locally.
(scrartcl)              This could result in several error messages on input line 175.

<figures/Brownian_CCDF_Collapse_1.png, id=282, 920.9607pt x 349.305pt>
File: figures/Brownian_CCDF_Collapse_1.png Graphic file (type png)
<use figures/Brownian_CCDF_Collapse_1.png>
Package pdftex.def Info: figures/Brownian_CCDF_Collapse_1.png  used on input line 178.
(pdftex.def)             Requested size: 448.13095pt x 169.97235pt.
<figures/Brownian_CCDF_Collapse_2.png, id=283, 953.4822pt x 345.9324pt>
File: figures/Brownian_CCDF_Collapse_2.png Graphic file (type png)
<use figures/Brownian_CCDF_Collapse_2.png>
Package pdftex.def Info: figures/Brownian_CCDF_Collapse_2.png  used on input line 185.
(pdftex.def)             Requested size: 448.13095pt x 162.58296pt.


[24 <./figures/bubble(MSD)_count_over_time.png> <./figures/Brownian_CCDF_Collapse_1.png>]
<figures/Brownian_CCDF_Collapse_3.png, id=294, 896.6298pt x 346.1733pt>
File: figures/Brownian_CCDF_Collapse_3.png Graphic file (type png)
<use figures/Brownian_CCDF_Collapse_3.png>
Package pdftex.def Info: figures/Brownian_CCDF_Collapse_3.png  used on input line 192.
(pdftex.def)             Requested size: 448.13095pt x 173.01227pt.
<figures/Brownian_CCDF_Collapse_4.png, id=295, 919.2744pt x 350.9913pt>
File: figures/Brownian_CCDF_Collapse_4.png Graphic file (type png)
<use figures/Brownian_CCDF_Collapse_4.png>
Package pdftex.def Info: figures/Brownian_CCDF_Collapse_4.png  used on input line 199.
(pdftex.def)             Requested size: 448.13095pt x 171.10355pt.


[25 <./figures/Brownian_CCDF_Collapse_2.png> <./figures/Brownian_CCDF_Collapse_3.png>]
<figures/displacement_overlay_shifted_peaks_invest.png, id=305, 562.5015pt x 419.166pt>
File: figures/displacement_overlay_shifted_peaks_invest.png Graphic file (type png)
<use figures/displacement_overlay_shifted_peaks_invest.png>
Package pdftex.def Info: figures/displacement_overlay_shifted_peaks_invest.png  used on input line 208.
(pdftex.def)             Requested size: 219.58662pt x 163.62758pt.
<figures/ccdf_displacement_components_invest.png, id=306, 560.8152pt x 418.6842pt>
File: figures/ccdf_displacement_components_invest.png Graphic file (type png)
<use figures/ccdf_displacement_components_invest.png>
Package pdftex.def Info: figures/ccdf_displacement_components_invest.png  used on input line 213.
(pdftex.def)             Requested size: 219.58662pt x 163.93143pt.


Class scrartcl Warning: Incompatible usage of \@ssect detected.
(scrartcl)              You've used the KOMA-Script implementation of \@ssect
(scrartcl)              from within a non compatible caller, that does not
(scrartcl)              \scr@s@ct@@nn@m@ locally.
(scrartcl)              This could result in several error messages on input line 219.

<figures/dispacf.png, id=307, 433.62pt x 289.08pt>
File: figures/dispacf.png Graphic file (type png)
<use figures/dispacf.png>
Package pdftex.def Info: figures/dispacf.png  used on input line 222.
(pdftex.def)             Requested size: 448.13095pt x 298.77025pt.


[26 <./figures/Brownian_CCDF_Collapse_4.png> <./figures/displacement_overlay_shifted_peaks_invest.png> <./figures/ccdf_displacement_components_invest.png>]

[27 <./figures/dispacf.png>] (./thesis_draft_1.aux)
 ***********
LaTeX2e <2024-11-01> patch level 2
L3 programming layer <2020/03/25>
 ***********


LaTeX Warning: There were undefined references.


LaTeX Warning: Label(s) may have changed. Rerun to get cross-references right.


Package rerunfilecheck Warning: File `thesis_draft_1.out' has changed.
(rerunfilecheck)                Rerun to get outlines right
(rerunfilecheck)                or use package `bookmark'.

Package rerunfilecheck Info: Checksums for `thesis_draft_1.out':
(rerunfilecheck)             Before: <no file>
(rerunfilecheck)             After:  D41D8CD98F00B204E9800998ECF8427E;0.

Package biblatex Warning: Please (re)run BibTeX on the file(s):
(biblatex)                thesis_draft_1
(biblatex)                and rerun LaTeX afterwards.

Package logreq Info: Writing requests to 'thesis_draft_1.run.xml'.
\openout1 = `thesis_draft_1.run.xml'.

 ) 
Here is how much of TeX's memory you used:
 27221 strings out of 473190
 478218 string characters out of 5715800
 1544950 words of memory out of 5000000
 49994 multiletter control sequences out of 15000+600000
 638430 words of font info for 131 fonts, out of 8000000 for 9000
 1141 hyphenation exceptions out of 8191
 108i,12n,107p,10975b,2210s stack positions out of 10000i,1000n,20000p,200000b,200000s
</usr/local/texlive/2025/texmf-dist/fonts/type1/public/stix/STIXGeneral-Bold.pfb></usr/local/texlive/2025/texmf-dist/fonts/type1/public/stix/STIXGeneral-Italic.pfb></usr/local/texlive/2025/texmf-dist/fonts/type1/public/stix/STIXGeneral-Regular.pfb></usr/local/texlive/2025/texmf-dist/fonts/type1/public/cm-super/sftt1000.pfb></usr/local/texlive/2025/texmf-dist/fonts/type1/public/cm-super/sftt1200.pfb></usr/local/texlive/2025/texmf-dist/fonts/type1/public/stix/stix-mathcal.pfb></usr/local/texlive/2025/texmf-dist/fonts/type1/public/stix/stix-mathex.pfb></usr/local/texlive/2025/texmf-dist/fonts/type1/public/stix/stix-mathit.pfb></usr/local/texlive/2025/texmf-dist/fonts/type1/public/stix/stix-mathrm.pfb>
Output written on thesis_draft_1.pdf (27 pages, 8954886 bytes).
PDF statistics:
 486 PDF objects out of 1000 (max. 8388607)
 377 compressed objects within 4 object streams
 150 named destinations out of 1000 (max. 500000)
 373 words of extra memory for PDF output out of 10000 (max. 10000000)

